Resolving dependencies...
Downloading packages...
  code_assets 1.2.0 (1.2.1 available)
  dbus 0.7.13 (0.7.14 available)
  fl_chart 0.68.0 (1.2.0 available)
  flutter_lints 2.0.3 (6.0.0 available)
  flutter_local_notifications 22.0.0 (22.0.1 available)
  flutter_local_notifications_windows 3.1.0 (3.1.1 available)
  flutter_plugin_android_lifecycle 2.0.34 (2.0.35 available)
  flutter_tts 3.8.5 (4.2.5 available)
  font_awesome_flutter 10.12.0 (11.0.0 available)
  geolocator 10.1.1 (14.0.3 available)
  geolocator_android 4.6.2 (5.0.3 available)
  geolocator_apple 2.3.13 (2.3.14 available)
  geolocator_platform_interface 4.2.6 (4.2.8 available)
  geolocator_web 2.2.1 (4.1.4 available)
  google_fonts 6.3.3 (8.1.0 available)
  hooks 2.0.0 (2.0.2 available)
  image_picker_android 0.8.13+17 (0.8.13+19 available)
  intl 0.20.2 (0.20.3 available)
  lints 2.1.1 (6.1.0 available)
  matcher 0.12.19 (0.12.20 available)
  meta 1.18.0 (1.18.3 available)
  package_config 2.2.0 (3.0.0 available)
  path_provider 2.1.5 (2.1.6 available)
  path_provider_linux 2.2.1 (2.2.2 available)
  path_provider_platform_interface 2.1.2 (2.1.3 available)
  shared_preferences_android 2.4.25 (2.4.26 available)
  test_api 0.7.11 (0.7.12 available)
  vector_math 2.2.0 (2.4.0 available)
Got dependencies!
28 packages have newer versions incompatible with dependency constraints.
Try `flutter pub outdated` for more information.
Running Gradle task 'assembleRelease'...                        
flutter : Warning: Flutter support for your project's Android Gradle Plugin version (Android Gradle Plugin version 
8.9.1) will soon be dropped. Please upgrade your Android Gradle Plugin version to a version of at least Android Gradle 
Plugin version 8.11.1 soon.
At line:1 char:1
+ flutter build apk --release > build_errors.txt 2>&1
+ ~~~~~~~~~~~~~~~~~~~~~~~~~~~~~~~~~~~~~~~~~~~~~~~~~~~
    + CategoryInfo          : NotSpecified: (Warning: Flutte...on 8.11.1 soon.:String) [], RemoteException
    + FullyQualifiedErrorId : NativeCommandError
 
Alternatively, use the flag "--android-skip-build-dependency-validation" to bypass this check.

Potential fix: Your project's AGP version is typically defined in the plugins block of the `settings.gradle` file 
(F:\0. Backup PC\2. GeoFarmer V2.0\0.GeoFarmer\frontend\android/settings.gradle), by a plugin with the id of 
com.android.application. 
If you don't see a plugins block, your project was likely created with an older template version. In this case it is 
most likely defined in the top-level build.gradle file (F:\0. Backup PC\2. GeoFarmer 
V2.0\0.GeoFarmer\frontend\android/build.gradle) by the following line in the dependencies block of the buildscript: 
"classpath 'com.android.tools.build:gradle:<version>'".

WARNING: Your app uses the following plugins that apply Kotlin Gradle Plugin (KGP): flutter_tts, image_picker_android, 
speech_to_text
Future versions of Flutter will fail to build if your app uses plugins that apply KGP.

Please check the changelogs of these plugins and upgrade to a version that supports Built-in Kotlin.
If no such version exists, report the issue to the plugin. If necessary, here is a guide on filing 
an issue against a plugin: https://docs.flutter.dev/release/breaking-changes/migrate-to-built-in-kotlin/for-app-develop
ers#report-incompatible-kotlin-gradle-plugin-usage-to-plugin-authors

If you are a plugin author, please migrate your plugin to Built-in Kotlin using this guide: 
https://docs.flutter.dev/release/breaking-changes/migrate-to-built-in-kotlin/for-plugin-authors
Font asset "MaterialIcons-Regular.otf" was tree-shaken, reducing it from 1645184 to 11200 bytes (99.3% reduction). Tree-shaking can be disabled by providing the --no-tree-shake-icons flag when building your app.
warning: [options] source value 8 is obsolete and will be removed in a future release
warning: [options] target value 8 is obsolete and will be removed in a future release
warning: [options] To suppress warnings about obsolete options, use -Xlint:-options.
3 warnings
Running Gradle task 'assembleRelease'...                          676.5s
ΓêÜ Built build\app\outputs\flutter-apk\app-release.apk (58.9MB)
